Error: MDLabel.text accept only str